Warning: building from source is not supported!
You're on your own. Failures are expected so don't create any issues, please!
Warning: The following taps are not trusted:
  antoniorodr/memo
  asmvik/formulae
  azure/kubelogin
  finnvoor/tools
  manaflow-ai/cmux
  openclaw/tap
  steipete/tap
  stripe/stripe-cli
  yakitrak/yakitrak

Homebrew is currently ignoring formulae, casks and commands
from these taps because tap trust is required.
Prefer trusting only the specific formulae, casks or commands you need.
Trust installed formulae from these taps with:
  brew trust --formula antoniorodr/memo/memo
  brew trust --formula azure/kubelogin/kubelogin
  brew trust --formula finnvoor/tools/yap
  brew trust --formula openclaw/tap/wacli
  brew trust --formula steipete/tap/remindctl
  brew trust --formula stripe/stripe-cli/stripe
  brew trust --formula yakitrak/yakitrak/obsidian-cli
Trust other specific casks and commands with:
  brew trust --cask <user>/<tap>/<cask>
  brew trust --command <user>/<tap>/<command>
Whole-tap trust is broader and includes all current and future formulae,
casks and commands from the listed taps. Trust whole taps with:
  brew trust antoniorodr/memo asmvik/formulae azure/kubelogin finnvoor/tools manaflow-ai/cmux openclaw/tap steipete/tap stripe/stripe-cli yakitrak/yakitrak
Untap them with:
  brew untap antoniorodr/memo asmvik/formulae azure/kubelogin finnvoor/tools manaflow-ai/cmux openclaw/tap steipete/tap stripe/stripe-cli yakitrak/yakitrak
For more information, see:
  https://docs.brew.sh/Tap-Trust
==> Fetching downloads for: stillbreak
==> Would reinstall 1 formula:
vladimirli/tap/stillbreak HEAD-ac3f583
✔︎ Formula stillbreak (HEAD-ac3f583)
==> Reinstalling vladimirli/tap/stillbreak 
Warning: A newer Command Line Tools release is available.
Update them from Software Update in System Settings.

If that doesn't show you any updates, run:
  sudo rm -rf /Library/Developer/CommandLineTools
  sudo xcode-select --install

Alternatively, manually download them from:
  https://developer.apple.com/download/all/.
You should download the Command Line Tools for Xcode 26.6.
[34m==>[0m [1mscripts/package-app.sh[0m

This is a Tier 2 configuration:
  https://docs.brew.sh/Support-Tiers#tier-2
You can report issues with Tier 2 configurations to Homebrew/* repositories!
  https://docs.brew.sh/Troubleshooting
Read the above document before opening any issues or PRs.
🍺  /opt/homebrew/Cellar/stillbreak/HEAD-ac3f583: 11 files, 2MB, built in 1 minute 12 seconds
==> Caveats
==> stillbreak
Homebrew cannot write to /Applications. Quit Stillbreak if it is running, then copy the app there
(launch at login can fail when the app runs from anywhere else, including this keg):

  rm -rf /Applications/Stillbreak.app
  ditto /opt/homebrew/opt/stillbreak/Stillbreak.app /Applications/Stillbreak.app

Then open it from /Applications. It lives in the menu bar and has no Dock icon.

To upgrade, rebuild and copy again:

  brew reinstall --HEAD VladimirLi/tap/stillbreak
  rm -rf /Applications/Stillbreak.app
  ditto /opt/homebrew/opt/stillbreak/Stillbreak.app /Applications/Stillbreak.app

To uninstall, quit Stillbreak, turn off "Launch at login" in its Settings, then:

  rm -rf /Applications/Stillbreak.app
  brew uninstall VladimirLi/tap/stillbreak

Check System Settings > General > Login Items & Extensions afterwards and remove any
leftover Stillbreak entry.
